// Vitest Snapshot v1, https://vitest.dev/guide/snapshot.html

exports[`DataFreshnessBadge > renders with fresh state in compact mode 1`] = `
<div>
  <div
    class="inline-flex items-center rounded px-1.5 py-0.5 text-xs font-medium "
    title="Source: test/source/path.json
State: fresh"
  >
    <span
      class="mr-1 text-lg leading-none"
    >
      🟢
    </span>
    <span>
      Fresh
    </span>
  </div>
</div>
`;
